Element: 4
Index: 0
Element: 2
Index: 1
Element: 3
Index: 2
Element: 1
Index: 3
[ 0, 0, 0, 0 ]
[ 16, 4, 9, 1 ]
[ 16, 4, 1 ]
0:4
1:2
2:3
3:1
End
