3
cat is quite short
18
cat is quite short is quite long
End
