[ 0, 1 ]
3.14159
[ 3.14159, 2.71828 ]
[]
[ 0 ]
[ 0 ]
[ 0, 0 ]
[ 1.19, 3.14159, 2.71828 ]
