stekin
stekin1
stekinstekin
112stekin
3.143.14
abc
    10
abc
    0
