sync pipeline throw:3
async pipeline throw:3
aGet throw:2
sGet throw:2
end
