0
1
3.14159
2.71828
1
0
[]
[ 0, 1 ]
[ [ 3.14159 ], [ 2.71828 ] ]
[ 0, 1 ]
