samples/errors/constructor-not-in-class.fls:2
    constructors not allowed outside class definition
