samples/errors/inv-chars.fls:1
    invalid character ` (decimal value: 96).
samples/errors/inv-chars.fls:2
    invalid character ? (decimal value: 63).
samples/errors/inv-chars.fls:4
    invalid character ; (decimal value: 59).
