samples/errors/invalid-for-range-head.fls:1
    unexpected token: 10
