samples/errors/slice.fls:5
    slice step omitted.
