samples/errors/statments-after-return.fls:4
    flow already terminated at Line 3
