samples/errors/super-ctor-without-base-class.fls:2
    no super class
