samples/errors/tab-as-ind.fls:2
    use tab as indent is forbidden.
samples/errors/tab-as-ind.fls:4
    use tab as indent is forbidden.
samples/errors/tab-as-ind.fls:3
    `else' does not match an `if'.
samples/errors/tab-as-ind.fls:7
    use tab as indent is forbidden.
