samples/errors/throw-nothing.fls:2
    expression omitted.
